OK  Richtung und Hinweis folgen doch dem Dollar
    -> --- 603 passed, 4 failed  | test_e434b_oi_zeile_in_kontrakten_steht_handytauglich_in_der_nachricht, test_e434b_echte_kontrakt_aenderung_bleibt_sichtbar, test_e434b_kurs_allein_heisst_nicht_neues_geld
OK  Pfeil folgt dem Dollar, Hinweis den Kontrakten
    -> --- 604 passed, 3 failed  | test_e434b_echte_kontrakt_aenderung_bleibt_sichtbar, test_e434b_kurs_allein_heisst_nicht_neues_geld, test_e434b_kursrutsch_heisst_nicht_positionen_werden_geschlossen
OK  Kontrakt-Reihe liest doch das Dollar-OI
    -> --- 603 passed, 4 failed  | test_e434b_oi_zeile_in_kontrakten_steht_handytauglich_in_der_nachricht, test_e434b_echte_kontrakt_aenderung_bleibt_sichtbar, test_e434b_kurs_allein_heisst_nicht_neues_geld
OK  Kontrakt-Prozent mit dem Stand am Fensterende als Nenner
    -> --- 606 passed, 1 failed  | test_e434b_echte_kontrakt_aenderung_bleibt_sichtbar
OK  Kurs-Bemerkung fehlt
    -> --- 603 passed, 4 failed  | test_e434b_oi_zeile_in_kontrakten_steht_handytauglich_in_der_nachricht, test_e434b_echte_kontrakt_aenderung_bleibt_sichtbar, test_e434b_kurs_allein_heisst_nicht_neues_geld
OK  Kurs-Bemerkung vertauscht (Anstieg statt Rueckgang)
    -> --- 605 passed, 2 failed  | test_e434b_oi_zeile_in_kontrakten_steht_handytauglich_in_der_nachricht, test_e434b_kurs_allein_heisst_nicht_neues_geld
OK  Fall 'in Dollar verdeckt' fehlt
    -> --- 606 passed, 1 failed  | test_e434b_echte_kontrakt_aenderung_bleibt_sichtbar
OK  Ohne Kontrakt-Reihe steht 'Kontrakte +0,0 %' (Stillstand behauptet)
    -> --- 604 passed, 3 failed  | test_e434b_kurs_allein_heisst_nicht_neues_geld, test_e434b_kursrutsch_heisst_nicht_positionen_werden_geschlossen, test_e434b_ohne_kontrakt_reihe_bleibt_die_zeile_wie_bisher
OK  Hinweis-Texte vertauscht (steigt -> Positionen werden geschlossen)
    -> --- 605 passed, 2 failed  | test_e434b_echte_kontrakt_aenderung_bleibt_sichtbar, test_e434b_kurs_allein_heisst_nicht_neues_geld

============================================================
nach Wiederherstellung: --- 607 passed, 0 failed
ungefangen: keine
