OK  Grundrate enthaelt nur einen Teil der Kerzen
    -> --- 604 passed, 3 failed  | test_muster_nachlauf_grundrate_enthaelt_jede_bewertete_kerze, test_muster_nachlauf_laesst_kerzen_ohne_vollen_nachlauf_aus, test_muster_nachlauf_wertet_kerzen_vor_dem_start_nicht
OK  Grundrate bekommt die Werte nicht
    -> --- 604 passed, 3 failed  | test_muster_nachlauf_median_widersteht_einem_ausreisser, test_muster_nachlauf_misst_den_rueckgang_als_rueckgang, test_muster_nachlauf_misst_nach_vorn_nicht_nach_hinten
OK  Abstand zur Grundrate wird nicht ausgewiesen
    -> --- 606 passed, 1 failed  | test_gegenprobe_vergleicht_gegen_dieselbe_grundrate_wie_oben
OK  Abstand wird falsch herum gerechnet
    -> --- 606 passed, 1 failed  | test_gegenprobe_vergleicht_gegen_dieselbe_grundrate_wie_oben
OK  Kerzen ohne vollen Nachlauf werden mitgezaehlt
    -> --- 598 passed, 9 failed  | test_gegenprobe_zaehlt_nur_episodenbeginne, test_muster_nachlauf_alle_horizonte_teilen_dieselbe_stichprobe, test_muster_nachlauf_grundrate_enthaelt_jede_bewertete_kerze
OK  Jeder Horizont schneidet anders ab (Spalten unvergleichbar)
    -> --- 606 passed, 1 failed  | test_muster_nachlauf_alle_horizonte_teilen_dieselbe_stichprobe
OK  Kerzen vor dem Fensterstart werden gewertet
    -> --- 606 passed, 1 failed  | test_muster_nachlauf_wertet_kerzen_vor_dem_start_nicht
OK  Nachlauf zeigt nach hinten statt nach vorn
    -> --- 605 passed, 2 failed  | test_muster_nachlauf_misst_den_rueckgang_als_rueckgang, test_muster_nachlauf_misst_nach_vorn_nicht_nach_hinten
OK  Episoden zaehlen jede Kerze einzeln (Fallzahl erfunden)
    -> --- 605 passed, 2 failed  | test_gegenprobe_zaehlt_nur_episodenbeginne, test_muster_nachlauf_zaehlt_episoden_nicht_kerzen
OK  Der Muster-Merker wird nie fortgeschrieben
    -> --- 605 passed, 2 failed  | test_gegenprobe_zaehlt_nur_episodenbeginne, test_muster_nachlauf_zaehlt_episoden_nicht_kerzen
OK  Kernzahl ist der Mittelwert (ein Flush-Tag kippt die Zeile)
    -> --- 606 passed, 1 failed  | test_muster_nachlauf_median_widersteht_einem_ausreisser
OK  Median nimmt bei gerader Anzahl den falschen Wert
    -> --- 606 passed, 1 failed  | test_median_mittelt_bei_gerader_anzahl
OK  Warnung bei zu duenner Datenlage faellt weg
    -> --- 606 passed, 1 failed  | test_muster_abschnitt_warnt_bei_zu_wenigen_episoden
OK  Mindestzahl auf 1 gesenkt (drei Ereignisse gelten als Beleg)
    -> --- 606 passed, 1 failed  | test_muster_abschnitt_warnt_bei_zu_wenigen_episoden
OK  Fehlendes Muster 5 wird verschwiegen
    -> --- 606 passed, 1 failed  | test_muster_abschnitt_sagt_es_wenn_muster5_gar_nicht_vorkam
OK  Der Hinweis 'das ist keine Ertragsaussage' verschwindet
    -> --- 606 passed, 1 failed  | test_muster_abschnitt_sagt_dass_es_keine_ertragsaussage_ist
OK  Leere Statistik liefert trotzdem eine Tabelle
    -> --- 606 passed, 1 failed  | test_muster_abschnitt_leer_bei_leerer_statistik

============================================================
nach Wiederherstellung: --- 607 passed, 0 failed
ungefangen: keine
