LIVE-heute +Bein in Handelsrichtung: +36.14 %, H1 +23.61, H2 +10.13
LIVE-heute +Rest halten (E43.6): +35.41 %, H1 +19.35, H2 +13.46
LIVE-heute +kleinere Verkaeufe: +36.15 %, H1 +24.66, H2 +9.22
LIVE-heute +kleinere Verkaeufe +Rest halten: +37.91 %, H1 +18.16, H2 +16.72
LIVE-heute +E42: +35.93 %, H1 +25.37, H2 +8.42
LIVE-heute +E42 +Rest halten: +34.58 %, H1 +20.51, H2 +11.67
LIVE-heute +E42 +kleinere Verkaeufe: +34.86 %, H1 +25.25, H2 +7.67
LIVE-heute +E42 +kleinere Verkaeufe +Rest halten: +34.67 %, H1 +17.63, H2 +14.49
LIVE-heute +E42 (6 Kerzen, Robustheit): +36.51 %, H1 +25.90, H2 +8.42
{
  "seconds": 69.26600000000326,
  "files": [
    {
      "file": "BERICHT.md",
      "original_sha256": "48400ba7b1075e51f12a8f7245bdcc6f5c432ab29f666c4b7d5abc473273ee28",
      "replay_sha256": "0da82f40f9bb1f5f7c9389de621db6d8d8c691493f4c040e465ed8f295712b0e",
      "byte_equal": false,
      "text_equal": true
    },
    {
      "file": "eingaben.json",
      "original_sha256": "ce749958a3ab1679f5cfee303ee58e37cc93d42eeee35f28d7f954d0cb1dcd7a",
      "replay_sha256": "ce749958a3ab1679f5cfee303ee58e37cc93d42eeee35f28d7f954d0cb1dcd7a",
      "byte_equal": true,
      "text_equal": true
    },
    {
      "file": "ergebnis.json",
      "original_sha256": "670463bfb6d82d3d30a8cd6b83981d216102c21401111d4d1f9ff27807b3204d",
      "replay_sha256": "a3f6fe9798fc0eec22e8c11179f29fc1bdd5d5167fea31f9b3778c197b7c743f",
      "byte_equal": false,
      "text_equal": true
    },
    {
      "file": "signale.json",
      "original_sha256": "7ddfb03c05c12cb65dd869c735d40c42ee801d16359e05258b3a208cd3b797ec",
      "replay_sha256": "7ddfb03c05c12cb65dd869c735d40c42ee801d16359e05258b3a208cd3b797ec",
      "byte_equal": true,
      "text_equal": true
    }
  ]
}
